warning: in the working copy of '.gitignore', LF will be replaced by CRLF the next time Git touches it
warning: in the working copy of 'PointCloudVR/Assets/PointCloudWorkbench/Scripts/NoiseFilterManager.cs', LF will be replaced by CRLF the next time Git touches it
warning: in the working copy of 'PointCloudVR/Assets/PointCloudWorkbench/Scripts/NoiseFilterResult.cs', LF will be replaced by CRLF the next time Git touches it
warning: in the working copy of 'PointCloudVR/Assets/PointCloudWorkbench/Scripts/NoiseFilterUI.cs', LF will be replaced by CRLF the next time Git touches it
warning: in the working copy of 'PointCloudVR/Assets/PointCloudWorkbench/Scripts/PlyExportService.cs', LF will be replaced by CRLF the next time Git touches it
warning: in the working copy of 'PointCloudVR/Assets/PointCloudWorkbench/Scripts/PointCloudDownsampleService.cs', LF will be replaced by CRLF the next time Git touches it
warning: in the working copy of 'PointCloudVR/Assets/PointCloudWorkbench/Scripts/PointCloudOctree.cs', LF will be replaced by CRLF the next time Git touches it
warning: in the working copy of 'PointCloudVR/Assets/PointCloudWorkbench/Scripts/PointCloudProgressManager.cs', LF will be replaced by CRLF the next time Git touches it
warning: in the working copy of 'PointCloudVR/Assets/PointCloudWorkbench/Scripts/PointCloudScaleService.cs', LF will be replaced by CRLF the next time Git touches it
warning: in the working copy of 'PointCloudVR/Assets/PointCloudWorkbench/Scripts/StemDiameterResult.cs', LF will be replaced by CRLF the next time Git touches it
warning: in the working copy of 'PointCloudVR/Assets/PointCloudWorkbench/Scripts/StemDiameterResultCache.cs', LF will be replaced by CRLF the next time Git touches it
warning: in the working copy of 'PointCloudVR/Assets/PointCloudWorkbench/Scripts/StemDiameterUI.cs', LF will be replaced by CRLF the next time Git touches it
warning: in the working copy of 'PointCloudVR/ProjectSettings/EditorBuildSettings.asset', LF will be replaced by CRLF the next time Git touches it
warning: in the working copy of 'PointCloudVR/python_backend/result_writer.py', LF will be replaced by CRLF the next time Git touches it
warning: in the working copy of 'PointCloudVR/python_backend/run_noise_filter.py', LF will be replaced by CRLF the next time Git touches it
warning: in the working copy of 'PointCloudVR/python_backend/run_stem_diameter.py', LF will be replaced by CRLF the next time Git touches it
warning: in the working copy of 'PointCloudVR/python_backend/stem_diameter_output.py', LF will be replaced by CRLF the next time Git touches it
warning: in the working copy of 'PointCloudVR/python_backend/tests/test_coordinate_unit_boundaries.py', LF will be replaced by CRLF the next time Git touches it
warning: in the working copy of 'PointCloudVR/python_backend/tests/test_run_stem_diameter.py', LF will be replaced by CRLF the next time Git touches it
warning: in the working copy of 'PointCloudVR/tests/PlyExportValidation/PlyExportValidation.csproj', LF will be replaced by CRLF the next time Git touches it
warning: in the working copy of 'PointCloudVR/tests/PlyExportValidation/PointDataStub.cs', LF will be replaced by CRLF the next time Git touches it
warning: in the working copy of 'PointCloudVR/tests/PlyExportValidation/Program.cs', LF will be replaced by CRLF the next time Git touches it
warning: in the working copy of 'README.md', LF will be replaced by CRLF the next time Git touches it
